{"timestamp":"2026-09-02T03:41:08.551Z","level":"INFO","message":"Servidor iniciado correctamente","data":{"port":"3000","environment":"development"}}
{"timestamp":"2026-09-02T03:41:25.473Z","level":"INFO","message":"POST /api/auth/login 200 - 508ms","data":{"ip":"::1","userAgent":"node"}}
{"timestamp":"2026-09-02T03:41:26.163Z","level":"INFO","message":"POST /api/usuarios 201 - 656ms","data":{"ip":"::1","userAgent":"node"}}
{"timestamp":"2026-09-02T03:41:26.725Z","level":"INFO","message":"POST /api/usuarios 201 - 553ms","data":{"ip":"::1","userAgent":"node"}}
{"timestamp":"2026-09-02T03:41:27.296Z","level":"INFO","message":"POST /api/usuarios 201 - 566ms","data":{"ip":"::1","userAgent":"node"}}
{"timestamp":"2026-09-02T03:41:27.925Z","level":"INFO","message":"POST /api/usuarios 201 - 620ms","data":{"ip":"::1","userAgent":"node"}}
{"timestamp":"2026-09-02T03:41:28.059Z","level":"WARN","message":"POST /api/usuarios 400 - 103ms","data":{"ip":"::1","userAgent":"node"}}
{"timestamp":"2026-09-02T03:41:28.755Z","level":"INFO","message":"POST /api/usuarios 201 - 690ms","data":{"ip":"::1","userAgent":"node"}}
{"timestamp":"2026-09-02T03:41:28.858Z","level":"WARN","message":"POST /api/usuarios 400 - 96ms","data":{"ip":"::1","userAgent":"node"}}
{"timestamp":"2026-09-02T03:41:29.281Z","level":"INFO","message":"DELETE /api/usuarios/38 204 - 414ms","data":{"ip":"::1","userAgent":"node"}}
{"timestamp":"2026-09-02T03:41:29.598Z","level":"INFO","message":"DELETE /api/usuarios/39 204 - 286ms","data":{"ip":"::1","userAgent":"node"}}
{"timestamp":"2026-09-02T03:41:29.884Z","level":"INFO","message":"DELETE /api/usuarios/40 204 - 283ms","data":{"ip":"::1","userAgent":"node"}}
{"timestamp":"2026-09-02T03:41:30.171Z","level":"INFO","message":"DELETE /api/usuarios/41 204 - 284ms","data":{"ip":"::1","userAgent":"node"}}
{"timestamp":"2026-09-02T03:41:30.466Z","level":"INFO","message":"DELETE /api/usuarios/42 204 - 292ms","data":{"ip":"::1","userAgent":"node"}}
{"timestamp":"2026-09-02T03:41:45.054Z","level":"INFO","message":"POST /api/auth/login 200 - 346ms","data":{"ip":"::1","userAgent":"node"}}
{"timestamp":"2026-09-02T03:41:45.786Z","level":"INFO","message":"POST /api/vehiculos 201 - 706ms","data":{"ip":"::1","userAgent":"node"}}
{"timestamp":"2026-09-02T03:41:45.993Z","level":"WARN","message":"POST /api/vehiculos 409 - 201ms","data":{"ip":"::1","userAgent":"node"}}
{"timestamp":"2026-09-02T03:41:46.583Z","level":"INFO","message":"DELETE /api/vehiculos/18 204 - 585ms","data":{"ip":"::1","userAgent":"node"}}
{"timestamp":"2026-09-02T03:42:07.828Z","level":"INFO","message":"POST /api/auth/login 200 - 381ms","data":{"ip":"::1","userAgent":"node"}}
{"timestamp":"2026-09-02T03:42:08.658Z","level":"INFO","message":"POST /api/parqueaderos 201 - 798ms","data":{"ip":"::1","userAgent":"node"}}
{"timestamp":"2026-09-02T03:42:09.819Z","level":"INFO","message":"POST /api/celdas/parqueadero/21/generar-lote 201 - 1155ms","data":{"ip":"::1","userAgent":"node"}}
{"timestamp":"2026-09-02T03:42:10.719Z","level":"INFO","message":"POST /api/vehiculos 201 - 894ms","data":{"ip":"::1","userAgent":"node"}}
{"timestamp":"2026-09-02T03:42:11.065Z","level":"WARN","message":"POST /api/entradas-salidas/entrada 400 - 340ms","data":{"ip":"::1","userAgent":"node"}}
{"timestamp":"2026-09-02T03:42:13.805Z","level":"INFO","message":"PUT /api/celdas/parqueadero/21/ajustar-cantidades 200 - 2734ms","data":{"ip":"::1","userAgent":"node"}}
{"timestamp":"2026-09-02T03:42:15.778Z","level":"INFO","message":"PUT /api/celdas/parqueadero/21/ajustar-cantidades 200 - 1967ms","data":{"ip":"::1","userAgent":"node"}}
{"timestamp":"2026-09-02T03:42:15.998Z","level":"INFO","message":"GET /api/celdas/parqueadero/21 200 - 213ms","data":{"ip":"::1","userAgent":"node"}}
{"timestamp":"2026-09-02T03:42:16.101Z","level":"WARN","message":"POST /api/entradas-salidas/salida 400 - 97ms","data":{"ip":"::1","userAgent":"node"}}
{"timestamp":"2026-09-02T03:44:25.541Z","level":"INFO","message":"POST /api/auth/login 200 - 1206ms","data":{"ip":"::1","userAgent":"node"}}
{"timestamp":"2026-09-02T03:44:25.812Z","level":"INFO","message":"GET /api/conductores 200 - 250ms","data":{"ip":"::1","userAgent":"node"}}
{"timestamp":"2026-09-02T03:44:26.855Z","level":"INFO","message":"POST /api/vehiculos 201 - 1035ms","data":{"ip":"::1","userAgent":"node"}}
{"timestamp":"2026-09-02T03:44:27.135Z","level":"WARN","message":"POST /api/vehiculos 409 - 272ms","data":{"ip":"::1","userAgent":"node"}}
{"timestamp":"2026-09-02T03:44:27.629Z","level":"INFO","message":"GET /api/monitoreo/celdas 200 - 490ms","data":{"ip":"::1","userAgent":"node"}}
{"timestamp":"2026-09-02T03:44:28.337Z","level":"WARN","message":"DELETE /api/vehiculos/21 409 - 701ms","data":{"ip":"::1","userAgent":"node"}}
{"timestamp":"2026-09-02T19:11:50.514Z","level":"INFO","message":"Servidor iniciado correctamente","data":{"port":"3000","environment":"development"}}
{"timestamp":"2026-09-02T19:11:50.579Z","level":"INFO","message":"GET /api/health 200 - 2815ms","data":{"ip":"::ffff:127.0.0.1","userAgent":"curl/8.14.1"}}
{"timestamp":"2026-09-02T19:12:41.661Z","level":"INFO","message":"POST /api/auth/login 200 - 1069ms","data":{"ip":"::1","userAgent":"curl/8.14.1"}}
{"timestamp":"2026-09-02T19:12:52.972Z","level":"INFO","message":"POST /api/auth/login 200 - 299ms","data":{"ip":"::1","userAgent":"curl/8.14.1"}}
{"timestamp":"2026-09-02T19:12:53.303Z","level":"WARN","message":"DELETE /api/roles/1 409 - 206ms","data":{"ip":"::1","userAgent":"curl/8.14.1"}}
{"timestamp":"2026-09-02T19:12:53.572Z","level":"WARN","message":"DELETE /api/roles/9999 404 - 196ms","data":{"ip":"::1","userAgent":"curl/8.14.1"}}
{"timestamp":"2026-09-02T19:12:53.782Z","level":"WARN","message":"DELETE /api/roles/abc 400 - 107ms","data":{"ip":"::1","userAgent":"curl/8.14.1"}}
{"timestamp":"2026-09-02T19:12:54.157Z","level":"WARN","message":"DELETE /api/roles/2 409 - 297ms","data":{"ip":"::1","userAgent":"curl/8.14.1"}}
{"timestamp":"2026-09-02T19:13:41.013Z","level":"INFO","message":"POST /api/roles 201 - 1389ms","data":{"ip":"::1","userAgent":"curl/8.14.1"}}
{"timestamp":"2026-09-02T19:13:41.689Z","level":"INFO","message":"DELETE /api/roles/7 204 - 388ms","data":{"ip":"::1","userAgent":"curl/8.14.1"}}
{"timestamp":"2026-09-02T19:14:41.355Z","level":"WARN","message":"PUT /api/usuarios/foto 400 - 815ms","data":{"ip":"::1","userAgent":"curl/8.14.1"}}
{"timestamp":"2026-09-02T19:15:20.580Z","level":"INFO","message":"PUT /api/usuarios/foto 200 - 1293ms","data":{"ip":"::1","userAgent":"curl/8.14.1"}}
{"timestamp":"2026-09-02T19:15:32.765Z","level":"INFO","message":"GET /api/usuarios/45 200 - 669ms","data":{"ip":"::1","userAgent":"curl/8.14.1"}}
{"timestamp":"2026-09-02T19:15:34.667Z","level":"INFO","message":"PUT /api/usuarios/foto 200 - 1803ms","data":{"ip":"::1","userAgent":"curl/8.14.1"}}
{"timestamp":"2026-09-02T19:15:36.006Z","level":"ERROR","message":"Error no controlado","data":{"message":"Extensión no permitida. Permitidas: jpg, jpeg, png, webp","url":"/api/usuarios/foto","method":"PUT","ip":"::1","usuario":45}}
{"timestamp":"2026-09-02T19:15:36.008Z","level":"WARN","message":"PUT /api/usuarios/foto 500 - 107ms","data":{"ip":"::1","userAgent":"curl/8.14.1"}}
{"timestamp":"2026-09-02T19:16:31.444Z","level":"INFO","message":"Servidor iniciado correctamente","data":{"port":"3000","environment":"development"}}
{"timestamp":"2026-09-02T19:16:31.659Z","level":"INFO","message":"GET /api/health 200 - 98ms","data":{"ip":"::1","userAgent":"curl/8.14.1"}}
{"timestamp":"2026-09-02T19:16:41.752Z","level":"WARN","message":"PUT /api/usuarios/foto 400 - 126ms","data":{"ip":"::1","userAgent":"curl/8.14.1"}}
{"timestamp":"2026-09-02T19:16:42.092Z","level":"WARN","message":"PUT /api/usuarios/foto 400 - 137ms","data":{"ip":"::1","userAgent":"curl/8.14.1"}}
{"timestamp":"2026-09-02T19:16:52.223Z","level":"INFO","message":"POST /api/parqueaderos 201 - 763ms","data":{"ip":"::1","userAgent":"curl/8.14.1"}}
{"timestamp":"2026-09-02T19:16:53.259Z","level":"INFO","message":"PUT /api/parqueaderos/23 200 - 675ms","data":{"ip":"::1","userAgent":"curl/8.14.1"}}
{"timestamp":"2026-09-02T19:17:05.011Z","level":"WARN","message":"PATCH /api/parqueaderos/23/estado 400 - 99ms","data":{"ip":"::1","userAgent":"curl/8.14.1"}}
{"timestamp":"2026-09-02T19:17:05.248Z","level":"WARN","message":"PATCH /api/parqueaderos/23/estado 400 - 99ms","data":{"ip":"::1","userAgent":"curl/8.14.1"}}
{"timestamp":"2026-09-02T19:17:06.345Z","level":"INFO","message":"PATCH /api/parqueaderos/23/estado 200 - 1003ms","data":{"ip":"::1","userAgent":"curl/8.14.1"}}
{"timestamp":"2026-09-02T19:17:07.054Z","level":"WARN","message":"PATCH /api/parqueaderos/23/estado 409 - 597ms","data":{"ip":"::1","userAgent":"curl/8.14.1"}}
{"timestamp":"2026-09-02T19:17:07.906Z","level":"INFO","message":"PATCH /api/parqueaderos/23/estado 200 - 775ms","data":{"ip":"::1","userAgent":"curl/8.14.1"}}
{"timestamp":"2026-09-02T19:18:01.747Z","level":"INFO","message":"POST /api/celdas/parqueadero/23/generar-lote 201 - 1460ms","data":{"ip":"::1","userAgent":"curl/8.14.1"}}
{"timestamp":"2026-09-02T19:18:09.975Z","level":"INFO","message":"POST /api/vehiculos 201 - 726ms","data":{"ip":"::1","userAgent":"curl/8.14.1"}}
{"timestamp":"2026-09-02T19:18:10.285Z","level":"WARN","message":"Ruta no encontrada","data":{"method":"POST","url":"/api/entradas-salidas/ingreso","ip":"::1"}}
{"timestamp":"2026-09-02T19:18:10.287Z","level":"WARN","message":"POST /api/entradas-salidas/ingreso 404 - 3ms","data":{"ip":"::1","userAgent":"curl/8.14.1"}}
{"timestamp":"2026-09-02T19:18:20.696Z","level":"INFO","message":"POST /api/entradas-salidas/entrada 201 - 977ms","data":{"ip":"::1","userAgent":"curl/8.14.1"}}
{"timestamp":"2026-09-02T19:18:37.298Z","level":"INFO","message":"GET /api/monitoreo/celdas?parqueaderoId=23 200 - 287ms","data":{"ip":"::1","userAgent":"curl/8.14.1"}}
{"timestamp":"2026-09-02T19:18:49.411Z","level":"INFO","message":"POST /api/reservas 201 - 918ms","data":{"ip":"::1","userAgent":"curl/8.14.1"}}
{"timestamp":"2026-09-02T19:18:59.764Z","level":"INFO","message":"PATCH /api/parqueaderos/23/estado 200 - 1788ms","data":{"ip":"::1","userAgent":"curl/8.14.1"}}
{"timestamp":"2026-09-02T19:19:07.283Z","level":"INFO","message":"GET /api/entradas-salidas/16 200 - 195ms","data":{"ip":"::1","userAgent":"curl/8.14.1"}}
{"timestamp":"2026-09-02T19:19:07.584Z","level":"INFO","message":"GET /api/celdas/parqueadero/23 200 - 202ms","data":{"ip":"::1","userAgent":"curl/8.14.1"}}
{"timestamp":"2026-09-02T19:19:07.877Z","level":"INFO","message":"GET /api/reservas/25 200 - 195ms","data":{"ip":"::1","userAgent":"curl/8.14.1"}}
{"timestamp":"2026-09-02T19:19:33.857Z","level":"WARN","message":"POST /api/entradas-salidas/entrada 409 - 314ms","data":{"ip":"::1","userAgent":"curl/8.14.1"}}
{"timestamp":"2026-09-02T19:19:34.522Z","level":"WARN","message":"POST /api/reservas 409 - 364ms","data":{"ip":"::1","userAgent":"curl/8.14.1"}}
{"timestamp":"2026-09-02T19:19:35.358Z","level":"INFO","message":"PUT /api/parqueaderos/23 200 - 766ms","data":{"ip":"::1","userAgent":"curl/8.14.1"}}
{"timestamp":"2026-09-02T19:19:36.860Z","level":"INFO","message":"POST /api/celdas/parqueadero/23/generar-lote 201 - 1402ms","data":{"ip":"::1","userAgent":"curl/8.14.1"}}
{"timestamp":"2026-09-02T19:19:50.019Z","level":"INFO","message":"PATCH /api/parqueaderos/23/estado 200 - 1779ms","data":{"ip":"::1","userAgent":"curl/8.14.1"}}
{"timestamp":"2026-09-02T19:19:50.228Z","level":"INFO","message":"GET /api/vehiculos/buscar 200 - 105ms","data":{"ip":"::1","userAgent":"curl/8.14.1"}}
{"timestamp":"2026-09-02T19:19:50.544Z","level":"INFO","message":"GET /api/vehiculos/buscar?placa=Q 200 - 246ms","data":{"ip":"::1","userAgent":"curl/8.14.1"}}
{"timestamp":"2026-09-02T19:19:50.846Z","level":"INFO","message":"GET /api/vehiculos/buscar?placa=QAT 200 - 206ms","data":{"ip":"::1","userAgent":"curl/8.14.1"}}
{"timestamp":"2026-09-02T19:19:51.163Z","level":"INFO","message":"GET /api/vehiculos/buscar?placa=QAT001 200 - 207ms","data":{"ip":"::1","userAgent":"curl/8.14.1"}}
{"timestamp":"2026-09-02T19:19:51.447Z","level":"INFO","message":"GET /api/vehiculos/buscar?placa=ZZZZZZ 200 - 216ms","data":{"ip":"::1","userAgent":"curl/8.14.1"}}
{"timestamp":"2026-09-02T19:20:05.981Z","level":"INFO","message":"POST /api/usuarios 201 - 4142ms","data":{"ip":"::1","userAgent":"curl/8.14.1"}}
{"timestamp":"2026-09-02T19:20:07.309Z","level":"INFO","message":"POST /api/usuarios 201 - 1033ms","data":{"ip":"::1","userAgent":"curl/8.14.1"}}
{"timestamp":"2026-09-02T19:20:20.298Z","level":"WARN","message":"POST /api/novedades 400 - 159ms","data":{"ip":"::1","userAgent":"curl/8.14.1"}}
{"timestamp":"2026-09-02T19:20:20.483Z","level":"WARN","message":"POST /api/novedades 400 - 112ms","data":{"ip":"::1","userAgent":"curl/8.14.1"}}
{"timestamp":"2026-09-02T19:20:21.296Z","level":"WARN","message":"POST /api/novedades 400 - 739ms","data":{"ip":"::1","userAgent":"curl/8.14.1"}}
{"timestamp":"2026-09-02T19:20:22.339Z","level":"INFO","message":"POST /api/novedades 201 - 965ms","data":{"ip":"::1","userAgent":"curl/8.14.1"}}
{"timestamp":"2026-09-02T19:20:36.726Z","level":"INFO","message":"POST /api/novedades 201 - 2170ms","data":{"ip":"::1","userAgent":"curl/8.14.1"}}
{"timestamp":"2026-09-02T19:20:36.913Z","level":"WARN","message":"GET /api/novedades/filtros?prioridad=URGENTISIMA 400 - 114ms","data":{"ip":"::1","userAgent":"curl/8.14.1"}}
{"timestamp":"2026-09-02T19:20:37.232Z","level":"INFO","message":"GET /api/novedades/filtros?prioridad=CRITICA 200 - 217ms","data":{"ip":"::1","userAgent":"curl/8.14.1"}}
{"timestamp":"2026-09-02T19:20:37.615Z","level":"INFO","message":"GET /api/novedades 200 - 296ms","data":{"ip":"::1","userAgent":"curl/8.14.1"}}
{"timestamp":"2026-09-02T19:20:50.847Z","level":"INFO","message":"POST /api/novedades/38/evidencias 201 - 406ms","data":{"ip":"::1","userAgent":"curl/8.14.1"}}
{"timestamp":"2026-09-02T19:20:51.317Z","level":"INFO","message":"POST /api/novedades/38/evidencias 201 - 394ms","data":{"ip":"::1","userAgent":"curl/8.14.1"}}
{"timestamp":"2026-09-02T19:20:51.696Z","level":"INFO","message":"GET /api/novedades/38/evidencias 200 - 289ms","data":{"ip":"::1","userAgent":"curl/8.14.1"}}
{"timestamp":"2026-09-02T19:21:02.556Z","level":"INFO","message":"POST /api/auth/registro 201 - 1514ms","data":{"ip":"::1","userAgent":"curl/8.14.1"}}
{"timestamp":"2026-09-02T19:21:03.062Z","level":"INFO","message":"GET /api/conductores/documento?tipo_documento=CC&numero_documento=999888777 200 - 197ms","data":{"ip":"::1","userAgent":"curl/8.14.1"}}
{"timestamp":"2026-09-02T19:21:13.441Z","level":"WARN","message":"POST /api/auth/registro 409 - 645ms","data":{"ip":"::1","userAgent":"curl/8.14.1"}}
{"timestamp":"2026-09-02T19:21:16.269Z","level":"WARN","message":"POST /api/auth/registro 400 - 1ms","data":{"ip":"::1","userAgent":"curl/8.14.1"}}
{"timestamp":"2026-09-02T19:21:25.864Z","level":"INFO","message":"POST /api/usuarios 201 - 1055ms","data":{"ip":"::1","userAgent":"curl/8.14.1"}}
{"timestamp":"2026-09-02T19:21:26.154Z","level":"INFO","message":"GET /api/conductores/documento?tipo_documento=CC&numero_documento=111222333 200 - 209ms","data":{"ip":"::1","userAgent":"curl/8.14.1"}}
{"timestamp":"2026-09-02T19:21:46.362Z","level":"INFO","message":"GET /api/parqueaderos/23 200 - 401ms","data":{"ip":"::1","userAgent":"curl/8.14.1"}}
{"timestamp":"2026-09-02T19:21:48.119Z","level":"INFO","message":"PATCH /api/parqueaderos/23/estado 200 - 1661ms","data":{"ip":"::1","userAgent":"curl/8.14.1"}}
{"timestamp":"2026-09-02T19:21:48.252Z","level":"WARN","message":"PATCH /api/parqueaderos/23/estado 409 - 1775ms","data":{"ip":"::1","userAgent":"curl/8.14.1"}}
{"timestamp":"2026-09-02T19:22:14.309Z","level":"INFO","message":"GET /api/novedades/filtros?prioridad=BAJA 200 - 1380ms","data":{"ip":"::1","userAgent":"curl/8.14.1"}}
{"timestamp":"2026-09-02T19:23:15.191Z","level":"INFO","message":"DELETE /api/evidencias/5 204 - 2454ms","data":{"ip":"::1","userAgent":"curl/8.14.1"}}
{"timestamp":"2026-09-02T19:23:17.092Z","level":"INFO","message":"DELETE /api/evidencias/6 204 - 1828ms","data":{"ip":"::1","userAgent":"curl/8.14.1"}}
{"timestamp":"2026-09-02T19:23:18.141Z","level":"INFO","message":"DELETE /api/novedades/38 204 - 977ms","data":{"ip":"::1","userAgent":"curl/8.14.1"}}
{"timestamp":"2026-09-02T19:23:20.698Z","level":"INFO","message":"DELETE /api/novedades/39 204 - 2471ms","data":{"ip":"::1","userAgent":"curl/8.14.1"}}
{"timestamp":"2026-09-02T19:23:21.682Z","level":"INFO","message":"DELETE /api/conductores/13 204 - 910ms","data":{"ip":"::1","userAgent":"curl/8.14.1"}}
{"timestamp":"2026-09-02T19:23:22.112Z","level":"INFO","message":"DELETE /api/conductores/14 204 - 347ms","data":{"ip":"::1","userAgent":"curl/8.14.1"}}
{"timestamp":"2026-09-02T19:23:25.190Z","level":"INFO","message":"DELETE /api/usuarios/47 204 - 2991ms","data":{"ip":"::1","userAgent":"curl/8.14.1"}}
{"timestamp":"2026-09-02T19:23:25.646Z","level":"INFO","message":"DELETE /api/usuarios/48 204 - 357ms","data":{"ip":"::1","userAgent":"curl/8.14.1"}}
{"timestamp":"2026-09-02T19:23:26.342Z","level":"INFO","message":"DELETE /api/usuarios/50 204 - 621ms","data":{"ip":"::1","userAgent":"curl/8.14.1"}}
{"timestamp":"2026-09-02T19:23:27.539Z","level":"INFO","message":"DELETE /api/usuarios/46 204 - 1119ms","data":{"ip":"::1","userAgent":"curl/8.14.1"}}
{"timestamp":"2026-09-02T19:23:41.102Z","level":"WARN","message":"DELETE /api/vehiculos/22 409 - 2014ms","data":{"ip":"::1","userAgent":"curl/8.14.1"}}
{"timestamp":"2026-09-02T19:23:43.677Z","level":"WARN","message":"DELETE /api/parqueaderos/23 409 - 2490ms","data":{"ip":"::1","userAgent":"curl/8.14.1"}}
{"timestamp":"2026-09-02T19:23:48.530Z","level":"WARN","message":"DELETE /api/usuarios/45 409 - 4782ms","data":{"ip":"::1","userAgent":"curl/8.14.1"}}
