{"timestamp":"2026-08-03T20:13:08.911Z","level":"INFO","message":"Servidor iniciado correctamente","data":{"port":"3000","environment":"development"}}
{"timestamp":"2026-08-03T20:13:17.292Z","level":"INFO","message":"Servidor iniciado correctamente","data":{"port":"3000","environment":"development"}}
{"timestamp":"2026-08-03T20:13:42.376Z","level":"INFO","message":"GET / 200 - 4ms","data":{"ip":"::1","userAgent":"Mozilla/5.0 (Windows NT 10.0; Win64; x64) AppleWebKit/537.36 (KHTML, like Gecko) Chrome/151.0.0.0 Safari/537.36"}}
{"timestamp":"2026-08-03T20:13:42.446Z","level":"WARN","message":"Ruta no encontrada","data":{"method":"GET","url":"/favicon.ico","ip":"::1"}}
{"timestamp":"2026-08-03T20:13:42.448Z","level":"WARN","message":"GET /favicon.ico 404 - 3ms","data":{"ip":"::1","userAgent":"Mozilla/5.0 (Windows NT 10.0; Win64; x64) AppleWebKit/537.36 (KHTML, like Gecko) Chrome/151.0.0.0 Safari/537.36"}}
{"timestamp":"2026-08-03T20:13:52.836Z","level":"WARN","message":"Ruta no encontrada","data":{"method":"GET","url":"/parqueaderos","ip":"::1"}}
{"timestamp":"2026-08-03T20:13:52.838Z","level":"WARN","message":"GET /parqueaderos 404 - 2ms","data":{"ip":"::1","userAgent":"Mozilla/5.0 (Windows NT 10.0; Win64; x64) AppleWebKit/537.36 (KHTML, like Gecko) Chrome/151.0.0.0 Safari/537.36"}}
{"timestamp":"2026-08-03T20:14:05.317Z","level":"WARN","message":"Ruta no encontrada","data":{"method":"GET","url":"/parqueadero","ip":"::1"}}
{"timestamp":"2026-08-03T20:14:05.319Z","level":"WARN","message":"GET /parqueadero 404 - 2ms","data":{"ip":"::1","userAgent":"Mozilla/5.0 (Windows NT 10.0; Win64; x64) AppleWebKit/537.36 (KHTML, like Gecko) Chrome/151.0.0.0 Safari/537.36"}}
{"timestamp":"2026-08-03T20:14:48.787Z","level":"WARN","message":"Ruta no encontrada","data":{"method":"GET","url":"/parqueaderos","ip":"::1"}}
{"timestamp":"2026-08-03T20:14:48.789Z","level":"WARN","message":"GET /parqueaderos 404 - 2ms","data":{"ip":"::1","userAgent":"Mozilla/5.0 (Windows NT 10.0; Win64; x64) AppleWebKit/537.36 (KHTML, like Gecko) Chrome/151.0.0.0 Safari/537.36"}}
{"timestamp":"2026-08-03T20:15:02.507Z","level":"WARN","message":"Ruta no encontrada","data":{"method":"GET","url":"/api/parqueadero","ip":"::1"}}
{"timestamp":"2026-08-03T20:15:02.509Z","level":"WARN","message":"GET /api/parqueadero 404 - 3ms","data":{"ip":"::1","userAgent":"Mozilla/5.0 (Windows NT 10.0; Win64; x64) AppleWebKit/537.36 (KHTML, like Gecko) Chrome/151.0.0.0 Safari/537.36"}}
{"timestamp":"2026-08-03T20:15:07.007Z","level":"WARN","message":"GET /api/parqueaderos 401 - 2ms","data":{"ip":"::1","userAgent":"Mozilla/5.0 (Windows NT 10.0; Win64; x64) AppleWebKit/537.36 (KHTML, like Gecko) Chrome/151.0.0.0 Safari/537.36"}}
{"timestamp":"2026-08-03T20:15:25.197Z","level":"INFO","message":"Servidor iniciado correctamente","data":{"port":"3000","environment":"development"}}
{"timestamp":"2026-08-03T20:15:25.206Z","level":"WARN","message":"GET /api/parqueaderos 501 - 1297ms","data":{"ip":"::1","userAgent":"Mozilla/5.0 (Windows NT 10.0; Win64; x64) AppleWebKit/537.36 (KHTML, like Gecko) Chrome/151.0.0.0 Safari/537.36"}}
{"timestamp":"2026-08-03T20:15:30.733Z","level":"WARN","message":"Ruta no encontrada","data":{"method":"GET","url":"/.well-known/appspecific/com.chrome.devtools.json","ip":"::1"}}
{"timestamp":"2026-08-03T20:15:30.735Z","level":"WARN","message":"GET /.well-known/appspecific/com.chrome.devtools.json 404 - 2ms","data":{"ip":"::1","userAgent":"Mozilla/5.0 (Windows NT 10.0; Win64; x64) AppleWebKit/537.36 (KHTML, like Gecko) Chrome/151.0.0.0 Safari/537.36"}}
{"timestamp":"2026-08-03T20:15:44.346Z","level":"INFO","message":"Servidor iniciado correctamente","data":{"port":"3000","environment":"development"}}
{"timestamp":"2026-08-03T20:16:58.995Z","level":"WARN","message":"GET /api/celdas 401 - 4ms","data":{"ip":"::1","userAgent":"PostmanRuntime/7.54.0"}}
{"timestamp":"2026-08-03T20:19:37.420Z","level":"INFO","message":"Servidor iniciado correctamente","data":{"port":"3000","environment":"development"}}
{"timestamp":"2026-08-03T20:24:29.373Z","level":"INFO","message":"Servidor iniciado correctamente","data":{"port":"3000","environment":"development"}}
{"timestamp":"2026-08-03T20:25:16.582Z","level":"INFO","message":"Servidor iniciado correctamente","data":{"port":"3000","environment":"development"}}
{"timestamp":"2026-08-03T20:27:05.673Z","level":"INFO","message":"Servidor iniciado correctamente","data":{"port":"3000","environment":"development"}}
{"timestamp":"2026-08-03T20:31:29.420Z","level":"WARN","message":"Ruta no encontrada","data":{"method":"PUT","url":"/api/auth/registro","ip":"::1"}}
{"timestamp":"2026-08-03T20:31:29.425Z","level":"WARN","message":"PUT /api/auth/registro 404 - 6ms","data":{"ip":"::1","userAgent":"PostmanRuntime/7.54.0"}}
{"timestamp":"2026-08-03T20:32:27.350Z","level":"WARN","message":"POST /api/auth/registro 500 - 7ms","data":{"ip":"::1","userAgent":"PostmanRuntime/7.54.0"}}
{"timestamp":"2026-08-03T20:37:26.296Z","level":"INFO","message":"Servidor iniciado correctamente","data":{"port":"3000","environment":"development"}}
{"timestamp":"2026-08-03T20:37:29.173Z","level":"WARN","message":"POST /api/auth/registro 500 - 164ms","data":{"ip":"::1","userAgent":"PostmanRuntime/7.54.0"}}
{"timestamp":"2026-08-03T20:45:28.377Z","level":"INFO","message":"Servidor iniciado correctamente","data":{"port":"3000","environment":"development"}}
{"timestamp":"2026-08-03T20:45:41.117Z","level":"WARN","message":"POST /api/auth/registro 500 - 114ms","data":{"ip":"::1","userAgent":"PostmanRuntime/7.54.0"}}
{"timestamp":"2026-08-03T20:46:57.179Z","level":"INFO","message":"Servidor iniciado correctamente","data":{"port":"3000","environment":"development"}}
{"timestamp":"2026-08-03T20:50:18.482Z","level":"INFO","message":"Servidor iniciado correctamente","data":{"port":"3000","environment":"development"}}
{"timestamp":"2026-08-03T20:50:31.222Z","level":"INFO","message":"Servidor iniciado correctamente","data":{"port":"3000","environment":"development"}}
{"timestamp":"2026-08-03T20:51:05.423Z","level":"INFO","message":"Servidor iniciado correctamente","data":{"port":"3000","environment":"development"}}
{"timestamp":"2026-08-03T20:51:18.520Z","level":"INFO","message":"Servidor iniciado correctamente","data":{"port":"3000","environment":"development"}}
{"timestamp":"2026-08-03T20:52:37.284Z","level":"INFO","message":"Servidor iniciado correctamente","data":{"port":"3000","environment":"development"}}
{"timestamp":"2026-08-03T20:52:53.253Z","level":"INFO","message":"Servidor iniciado correctamente","data":{"port":"3000","environment":"development"}}
{"timestamp":"2026-08-03T20:53:17.319Z","level":"INFO","message":"Servidor iniciado correctamente","data":{"port":"3000","environment":"development"}}
{"timestamp":"2026-08-03T20:56:53.575Z","level":"WARN","message":"POST /api/auth/registro 500 - 900ms","data":{"ip":"::1","userAgent":"PostmanRuntime/7.54.0"}}
{"timestamp":"2026-08-03T21:01:24.423Z","level":"INFO","message":"Servidor iniciado correctamente","data":{"port":"3000","environment":"development"}}
{"timestamp":"2026-08-03T21:03:25.283Z","level":"WARN","message":"POST /api/auth/registro 400 - 8ms","data":{"ip":"::1","userAgent":"PostmanRuntime/7.54.0"}}
{"timestamp":"2026-08-03T21:03:41.980Z","level":"WARN","message":"POST /api/auth/registro 400 - 2ms","data":{"ip":"::1","userAgent":"PostmanRuntime/7.54.0"}}
{"timestamp":"2026-08-03T21:06:52.449Z","level":"INFO","message":"Servidor iniciado correctamente","data":{"port":"3000","environment":"development"}}
{"timestamp":"2026-08-03T21:07:06.665Z","level":"WARN","message":"POST /api/auth/registro 400 - 8ms","data":{"ip":"::1","userAgent":"PostmanRuntime/7.54.0"}}
{"timestamp":"2026-08-03T21:07:29.215Z","level":"WARN","message":"POST /api/auth/registro 500 - 1349ms","data":{"ip":"::1","userAgent":"PostmanRuntime/7.54.0"}}
{"timestamp":"2026-08-03T21:08:02.287Z","level":"INFO","message":"Servidor iniciado correctamente","data":{"port":"3000","environment":"development"}}
{"timestamp":"2026-08-03T21:08:09.052Z","level":"WARN","message":"POST /api/auth/registro 500 - 124ms","data":{"ip":"::1","userAgent":"PostmanRuntime/7.54.0"}}
{"timestamp":"2026-08-03T21:08:34.236Z","level":"INFO","message":"Servidor iniciado correctamente","data":{"port":"3000","environment":"development"}}
{"timestamp":"2026-08-03T21:08:39.575Z","level":"WARN","message":"POST /api/auth/registro 500 - 279ms","data":{"ip":"::1","userAgent":"PostmanRuntime/7.54.0"}}
{"timestamp":"2026-08-03T21:13:55.572Z","level":"INFO","message":"Servidor iniciado correctamente","data":{"port":"3000","environment":"development"}}
{"timestamp":"2026-08-03T21:14:01.010Z","level":"WARN","message":"POST /api/auth/registro 500 - 371ms","data":{"ip":"::1","userAgent":"PostmanRuntime/7.54.0"}}
{"timestamp":"2026-08-03T21:21:53.594Z","level":"INFO","message":"POST /api/auth/registro 201 - 1386ms","data":{"ip":"::1","userAgent":"PostmanRuntime/7.54.0"}}
{"timestamp":"2026-08-03T21:30:14.963Z","level":"WARN","message":"GET /api/usuarios 401 - 1ms","data":{"ip":"::1","userAgent":"PostmanRuntime/7.54.0"}}
{"timestamp":"2026-08-03T21:33:03.011Z","level":"INFO","message":"Servidor iniciado correctamente","data":{"port":"3000","environment":"development"}}
{"timestamp":"2026-08-03T21:33:07.136Z","level":"INFO","message":"Servidor iniciado correctamente","data":{"port":"3000","environment":"development"}}
{"timestamp":"2026-08-03T21:33:13.353Z","level":"INFO","message":"Servidor iniciado correctamente","data":{"port":"3000","environment":"development"}}
{"timestamp":"2026-08-03T21:33:17.729Z","level":"INFO","message":"Servidor iniciado correctamente","data":{"port":"3000","environment":"development"}}
{"timestamp":"2026-08-03T21:33:23.711Z","level":"INFO","message":"Servidor iniciado correctamente","data":{"port":"3000","environment":"development"}}
{"timestamp":"2026-08-03T21:34:00.691Z","level":"WARN","message":"POST /api/auth/registro 400 - 7ms","data":{"ip":"::1","userAgent":"PostmanRuntime/7.54.0"}}
{"timestamp":"2026-08-03T21:34:20.940Z","level":"INFO","message":"POST /api/auth/registro 201 - 1254ms","data":{"ip":"::1","userAgent":"PostmanRuntime/7.54.0"}}
{"timestamp":"2026-08-03T21:38:07.516Z","level":"INFO","message":"POST /api/auth/login 200 - 1517ms","data":{"ip":"::1","userAgent":"PostmanRuntime/7.54.0"}}
{"timestamp":"2026-08-03T21:42:00.726Z","level":"WARN","message":"GET /api/usuarios 500 - 1293ms","data":{"ip":"::1","userAgent":"PostmanRuntime/7.54.0"}}
{"timestamp":"2026-08-03T21:45:44.411Z","level":"INFO","message":"Servidor iniciado correctamente","data":{"port":"3000","environment":"development"}}
{"timestamp":"2026-08-03T21:47:33.695Z","level":"INFO","message":"Servidor iniciado correctamente","data":{"port":"3000","environment":"development"}}
{"timestamp":"2026-08-03T21:47:41.619Z","level":"INFO","message":"Servidor iniciado correctamente","data":{"port":"3000","environment":"development"}}
{"timestamp":"2026-08-03T21:47:47.461Z","level":"INFO","message":"Servidor iniciado correctamente","data":{"port":"3000","environment":"development"}}
{"timestamp":"2026-08-03T21:47:53.411Z","level":"INFO","message":"Servidor iniciado correctamente","data":{"port":"3000","environment":"development"}}
{"timestamp":"2026-08-03T21:48:08.297Z","level":"INFO","message":"Servidor iniciado correctamente","data":{"port":"3000","environment":"development"}}
{"timestamp":"2026-08-03T21:48:17.350Z","level":"INFO","message":"Servidor iniciado correctamente","data":{"port":"3000","environment":"development"}}
{"timestamp":"2026-08-03T21:48:21.770Z","level":"INFO","message":"Servidor iniciado correctamente","data":{"port":"3000","environment":"development"}}
{"timestamp":"2026-08-03T21:48:24.532Z","level":"INFO","message":"Servidor iniciado correctamente","data":{"port":"3000","environment":"development"}}
{"timestamp":"2026-08-03T21:48:33.408Z","level":"INFO","message":"Servidor iniciado correctamente","data":{"port":"3000","environment":"development"}}
{"timestamp":"2026-08-03T21:49:16.634Z","level":"INFO","message":"Servidor iniciado correctamente","data":{"port":"3000","environment":"development"}}
{"timestamp":"2026-08-03T21:49:32.838Z","level":"WARN","message":"GET /api/usuarios 500 - 170ms","data":{"ip":"::1","userAgent":"PostmanRuntime/7.54.0"}}
{"timestamp":"2026-08-03T21:56:10.809Z","level":"INFO","message":"Servidor iniciado correctamente","data":{"port":"3000","environment":"development"}}
{"timestamp":"2026-08-03T21:56:14.765Z","level":"INFO","message":"Servidor iniciado correctamente","data":{"port":"3000","environment":"development"}}
{"timestamp":"2026-08-03T21:57:09.254Z","level":"INFO","message":"Servidor iniciado correctamente","data":{"port":"3000","environment":"development"}}
{"timestamp":"2026-08-03T21:57:35.608Z","level":"INFO","message":"Servidor iniciado correctamente","data":{"port":"3000","environment":"development"}}
{"timestamp":"2026-08-03T21:57:40.170Z","level":"INFO","message":"Servidor iniciado correctamente","data":{"port":"3000","environment":"development"}}
{"timestamp":"2026-08-03T21:57:44.980Z","level":"INFO","message":"Servidor iniciado correctamente","data":{"port":"3000","environment":"development"}}
{"timestamp":"2026-08-03T21:57:50.512Z","level":"INFO","message":"Servidor iniciado correctamente","data":{"port":"3000","environment":"development"}}
{"timestamp":"2026-08-03T21:58:03.166Z","level":"INFO","message":"Servidor iniciado correctamente","data":{"port":"3000","environment":"development"}}
{"timestamp":"2026-08-03T21:58:14.404Z","level":"INFO","message":"Servidor iniciado correctamente","data":{"port":"3000","environment":"development"}}
{"timestamp":"2026-08-03T21:58:34.421Z","level":"INFO","message":"Servidor iniciado correctamente","data":{"port":"3000","environment":"development"}}
{"timestamp":"2026-08-03T21:59:19.790Z","level":"INFO","message":"Servidor iniciado correctamente","data":{"port":"3000","environment":"development"}}
{"timestamp":"2026-08-03T21:59:22.834Z","level":"INFO","message":"Servidor iniciado correctamente","data":{"port":"3000","environment":"development"}}
{"timestamp":"2026-08-03T21:59:41.409Z","level":"INFO","message":"Servidor iniciado correctamente","data":{"port":"3000","environment":"development"}}
{"timestamp":"2026-08-03T21:59:52.668Z","level":"WARN","message":"GET /api/usuarios 500 - 114ms","data":{"ip":"::1","userAgent":"PostmanRuntime/7.54.0"}}
{"timestamp":"2026-08-03T22:01:14.598Z","level":"INFO","message":"Servidor iniciado correctamente","data":{"port":"3000","environment":"development"}}
{"timestamp":"2026-08-03T22:01:23.476Z","level":"INFO","message":"Servidor iniciado correctamente","data":{"port":"3000","environment":"development"}}
{"timestamp":"2026-08-03T22:01:45.527Z","level":"INFO","message":"Servidor iniciado correctamente","data":{"port":"3000","environment":"development"}}
{"timestamp":"2026-08-03T22:02:20.654Z","level":"WARN","message":"GET /api/usuarios 403 - 969ms","data":{"ip":"::1","userAgent":"PostmanRuntime/7.54.0"}}
{"timestamp":"2026-08-03T22:02:51.475Z","level":"INFO","message":"Servidor iniciado correctamente","data":{"port":"3000","environment":"development"}}
{"timestamp":"2026-08-03T22:03:01.817Z","level":"INFO","message":"Servidor iniciado correctamente","data":{"port":"3000","environment":"development"}}
{"timestamp":"2026-08-03T22:07:28.452Z","level":"WARN","message":"POST /api/auth/registro 400 - 7ms","data":{"ip":"::1","userAgent":"PostmanRuntime/7.54.0"}}
{"timestamp":"2026-08-03T22:07:51.925Z","level":"INFO","message":"POST /api/auth/registro 201 - 1339ms","data":{"ip":"::1","userAgent":"PostmanRuntime/7.54.0"}}
{"timestamp":"2026-08-03T22:08:19.228Z","level":"INFO","message":"POST /api/auth/login 200 - 170ms","data":{"ip":"::1","userAgent":"PostmanRuntime/7.54.0"}}
{"timestamp":"2026-08-03T22:10:22.724Z","level":"INFO","message":"POST /api/auth/login 200 - 1077ms","data":{"ip":"::1","userAgent":"PostmanRuntime/7.54.0"}}
{"timestamp":"2026-08-03T22:10:47.239Z","level":"WARN","message":"GET /api/usuarios 403 - 166ms","data":{"ip":"::1","userAgent":"PostmanRuntime/7.54.0"}}
{"timestamp":"2026-08-03T22:11:34.853Z","level":"WARN","message":"GET /api/usuarios 403 - 841ms","data":{"ip":"::1","userAgent":"PostmanRuntime/7.54.0"}}
